// Jest Snapshot v1, https://goo.gl/fbAQLP

exports[`should collect data 1`] = `
Object {
  "collectedEntities": Array [
    Object {
      "_class": Array [
        "User",
      ],
      "_key": "0055e000003AkKAAA0",
      "_rawData": Array [
        Object {
          "name": "default",
          "rawData": Object {
            "AboutMe": null,
            "AccountId": null,
            "Address": Object {
              "city": null,
              "country": "xx",
              "geocodeAccuracy": null,
              "latitude": null,
              "longitude": null,
              "postalCode": null,
              "state": null,
              "street": null,
            },
            "Alias": "integ",
            "BadgeText": "",
            "BannerPhotoUrl": "/profilephoto/005/B",
            "CallCenterId": null,
            "City": null,
            "CommunityNickname": "integration1.4407085834085586E12",
            "CompanyName": "New Company Name",
            "ContactId": null,
            "Country": "xx",
            "CreatedById": "0055e000003CLIZAA4",
            "CreatedDate": "2021-06-03T19:15:20.000+0000",
            "DefaultGroupNotificationFrequency": "N",
            "DelegatedApproverId": null,
            "Department": null,
            "DigestFrequency": "N",
            "Division": null,
            "Email": "chris.elias@jupiterone.com",
            "EmailEncodingKey": "UTF-8",
            "EmailPreferencesAutoBcc": true,
            "EmailPreferencesAutoBccStayInTouch": false,
            "EmailPreferencesStayInTouchReminder": true,
            "EmployeeNumber": null,
            "Extension": null,
            "Fax": null,
            "FederationIdentifier": null,
            "FirstName": "Integration",
            "ForecastEnabled": false,
            "FullPhotoUrl": "https://jupiterone2-dev-ed--c.documentforce.com/profilephoto/005/F",
            "GeocodeAccuracy": null,
            "Id": "0055e000003AkKAAA0",
            "IndividualId": null,
            "IsActive": true,
            "IsExtIndicatorVisible": false,
            "IsProfilePhotoActive": false,
            "JigsawImportLimitOverride": 300,
            "LanguageLocaleKey": "en_US",
            "LastLoginDate": "2021-06-09T16:16:32.000+0000",
            "LastModifiedById": "0055e000003CLIZAA4",
            "LastModifiedDate": "2021-06-04T19:07:53.000+0000",
            "LastName": "User",
            "LastReferencedDate": null,
            "LastViewedDate": null,
            "Latitude": null,
            "LocaleSidKey": "en_US",
            "Longitude": null,
            "ManagerId": null,
            "MediumBannerPhotoUrl": "/profilephoto/005/E",
            "MediumPhotoUrl": "https://jupiterone2-dev-ed--c.documentforce.com/profilephoto/005/M",
            "MobilePhone": null,
            "Name": "Integration User",
            "OfflinePdaTrialExpirationDate": null,
            "OfflineTrialExpirationDate": null,
            "OutOfOfficeMessage": "",
            "Phone": null,
            "PostalCode": null,
            "ProfileId": "00e5e000002Fb49AAC",
            "ReceivesAdminInfoEmails": false,
            "ReceivesInfoEmails": true,
            "SenderEmail": null,
            "SenderName": null,
            "Signature": null,
            "SmallBannerPhotoUrl": "/profilephoto/005/D",
            "SmallPhotoUrl": "https://jupiterone2-dev-ed--c.documentforce.com/profilephoto/005/T",
            "State": null,
            "StayInTouchNote": null,
            "StayInTouchSignature": null,
            "StayInTouchSubject": null,
            "Street": null,
            "SystemModstamp": "2021-06-04T19:07:53.000+0000",
            "TimeZoneSidKey": "America/Los_Angeles",
            "Title": null,
            "UserPermissionsCallCenterAutoLogin": false,
            "UserPermissionsInteractionUser": false,
            "UserPermissionsJigsawProspectingUser": false,
            "UserPermissionsKnowledgeUser": false,
            "UserPermissionsMarketingUser": false,
            "UserPermissionsOfflineUser": false,
            "UserPermissionsSFContentUser": false,
            "UserPermissionsSiteforceContributorUser": false,
            "UserPermissionsSiteforcePublisherUser": false,
            "UserPermissionsSupportUser": false,
            "UserPermissionsWorkDotComUserFeature": false,
            "UserPreferencesActivityRemindersPopup": true,
            "UserPreferencesApexPagesDeveloperMode": false,
            "UserPreferencesCacheDiagnostics": false,
            "UserPreferencesContentEmailAsAndWhen": true,
            "UserPreferencesContentNoEmail": true,
            "UserPreferencesCreateLEXAppsWTShown": false,
            "UserPreferencesDisCommentAfterLikeEmail": false,
            "UserPreferencesDisMentionsCommentEmail": false,
            "UserPreferencesDisProfPostCommentEmail": false,
            "UserPreferencesDisableAllFeedsEmail": false,
            "UserPreferencesDisableBookmarkEmail": false,
            "UserPreferencesDisableChangeCommentEmail": false,
            "UserPreferencesDisableEndorsementEmail": false,
            "UserPreferencesDisableFeedbackEmail": false,
            "UserPreferencesDisableFileShareNotificationsForApi": false,
            "UserPreferencesDisableFollowersEmail": false,
            "UserPreferencesDisableLaterCommentEmail": false,
            "UserPreferencesDisableLikeEmail": false,
            "UserPreferencesDisableMentionsPostEmail": false,
            "UserPreferencesDisableMessageEmail": false,
            "UserPreferencesDisableProfilePostEmail": false,
            "UserPreferencesDisableSharePostEmail": false,
            "UserPreferencesDisableWorkEmail": false,
            "UserPreferencesEnableAutoSubForFeeds": false,
            "UserPreferencesEventRemindersCheckboxDefault": true,
            "UserPreferencesExcludeMailAppAttachments": false,
            "UserPreferencesFavoritesShowTopFavorites": false,
            "UserPreferencesFavoritesWTShown": false,
            "UserPreferencesGlobalNavBarWTShown": false,
            "UserPreferencesGlobalNavGridMenuWTShown": false,
            "UserPreferencesHasCelebrationBadge": false,
            "UserPreferencesHideBiggerPhotoCallout": false,
            "UserPreferencesHideCSNDesktopTask": false,
            "UserPreferencesHideCSNGetChatterMobileTask": false,
            "UserPreferencesHideChatterOnboardingSplash": false,
            "UserPreferencesHideEndUserOnboardingAssistantModal": false,
            "UserPreferencesHideLightningMigrationModal": false,
            "UserPreferencesHideS1BrowserUI": false,
            "UserPreferencesHideSecondChatterOnboardingSplash": false,
            "UserPreferencesHideSfxWelcomeMat": false,
            "UserPreferencesJigsawListUser": false,
            "UserPreferencesLightningExperiencePreferred": true,
            "UserPreferencesNewLightningReportRunPageEnabled": false,
            "UserPreferencesPathAssistantCollapsed": false,
            "UserPreferencesPreviewCustomTheme": false,
            "UserPreferencesReceiveNoNotificationsAsApprover": false,
            "UserPreferencesReceiveNotificationsAsDelegatedApprover": false,
            "UserPreferencesRecordHomeReservedWTShown": false,
            "UserPreferencesRecordHomeSectionCollapseWTShown": false,
            "UserPreferencesReminderSoundOff": false,
            "UserPreferencesSRHOverrideActivities": false,
            "UserPreferencesShowCityToExternalUsers": false,
            "UserPreferencesShowCityToGuestUsers": false,
            "UserPreferencesShowCountryToExternalUsers": false,
            "UserPreferencesShowCountryToGuestUsers": false,
            "UserPreferencesShowEmailToExternalUsers": false,
            "UserPreferencesShowEmailToGuestUsers": false,
            "UserPreferencesShowFaxToExternalUsers": false,
            "UserPreferencesShowFaxToGuestUsers": false,
            "UserPreferencesShowManagerToExternalUsers": false,
            "UserPreferencesShowManagerToGuestUsers": false,
            "UserPreferencesShowMobilePhoneToExternalUsers": false,
            "UserPreferencesShowMobilePhoneToGuestUsers": false,
            "UserPreferencesShowPostalCodeToExternalUsers": false,
            "UserPreferencesShowPostalCodeToGuestUsers": false,
            "UserPreferencesShowProfilePicToGuestUsers": false,
            "UserPreferencesShowStateToExternalUsers": false,
            "UserPreferencesShowStateToGuestUsers": false,
            "UserPreferencesShowStreetAddressToExternalUsers": false,
            "UserPreferencesShowStreetAddressToGuestUsers": false,
            "UserPreferencesShowTitleToExternalUsers": false,
            "UserPreferencesShowTitleToGuestUsers": false,
            "UserPreferencesShowWorkPhoneToExternalUsers": false,
            "UserPreferencesShowWorkPhoneToGuestUsers": false,
            "UserPreferencesSortFeedByComment": false,
            "UserPreferencesSuppressEventSFXReminders": false,
            "UserPreferencesSuppressTaskSFXReminders": false,
            "UserPreferencesTaskRemindersCheckboxDefault": true,
            "UserPreferencesUserDebugModePref": false,
            "UserRoleId": null,
            "UserType": "Standard",
            "Username": "integration@00d5e000001cteceak.com",
            "attributes": Object {
              "type": "User",
              "url": "/services/data/v50.0/sobjects/User/0055e000003AkKAAA0",
            },
          },
        },
      ],
      "_type": "salesforce_user",
      "createdOn": undefined,
      "displayName": "Integration User",
      "name": "Integration User",
      "shortLoginId": "integration1.4407085834085586E12",
      "username": "integration@00d5e000001cteceak.com",
    },
    Object {
      "_class": Array [
        "User",
      ],
      "_key": "0055e000003AkKBAA0",
      "_rawData": Array [
        Object {
          "name": "default",
          "rawData": Object {
            "AboutMe": null,
            "AccountId": null,
            "Address": Object {
              "city": null,
              "country": "xx",
              "geocodeAccuracy": null,
              "latitude": null,
              "longitude": null,
              "postalCode": null,
              "state": null,
              "street": null,
            },
            "Alias": "autoproc",
            "BadgeText": "",
            "BannerPhotoUrl": "/profilephoto/005/B",
            "CallCenterId": null,
            "City": null,
            "CommunityNickname": "automatedprocess",
            "CompanyName": "New Company Name",
            "ContactId": null,
            "Country": "xx",
            "CreatedById": "0055e000003AkKCAA0",
            "CreatedDate": "2021-06-03T19:15:20.000+0000",
            "DefaultGroupNotificationFrequency": "N",
            "DelegatedApproverId": null,
            "Department": null,
            "DigestFrequency": "D",
            "Division": null,
            "Email": "autoproc@00d5e000001cteceak",
            "EmailEncodingKey": "UTF-8",
            "EmailPreferencesAutoBcc": true,
            "EmailPreferencesAutoBccStayInTouch": false,
            "EmailPreferencesStayInTouchReminder": true,
            "EmployeeNumber": null,
            "Extension": null,
            "Fax": null,
            "FederationIdentifier": null,
            "FirstName": "Automated",
            "ForecastEnabled": false,
            "FullPhotoUrl": "https://jupiterone2-dev-ed--c.documentforce.com/profilephoto/005/F",
            "GeocodeAccuracy": null,
            "Id": "0055e000003AkKBAA0",
            "IndividualId": null,
            "IsActive": true,
            "IsExtIndicatorVisible": false,
            "IsProfilePhotoActive": false,
            "JigsawImportLimitOverride": null,
            "LanguageLocaleKey": "en_US",
            "LastLoginDate": null,
            "LastModifiedById": "0055e000003AkKCAA0",
            "LastModifiedDate": "2021-06-03T19:15:20.000+0000",
            "LastName": "Process",
            "LastReferencedDate": null,
            "LastViewedDate": null,
            "Latitude": null,
            "LocaleSidKey": "en_US",
            "Longitude": null,
            "ManagerId": null,
            "MediumBannerPhotoUrl": "/profilephoto/005/E",
            "MediumPhotoUrl": "https://jupiterone2-dev-ed--c.documentforce.com/profilephoto/005/M",
            "MobilePhone": null,
            "Name": "Automated Process",
            "OfflinePdaTrialExpirationDate": null,
            "OfflineTrialExpirationDate": null,
            "OutOfOfficeMessage": "",
            "Phone": null,
            "PostalCode": null,
            "ProfileId": "00e5e000002Fb4AAAS",
            "ReceivesAdminInfoEmails": false,
            "ReceivesInfoEmails": true,
            "SenderEmail": null,
            "SenderName": null,
            "Signature": null,
            "SmallBannerPhotoUrl": "/profilephoto/005/D",
            "SmallPhotoUrl": "https://jupiterone2-dev-ed--c.documentforce.com/profilephoto/005/T",
            "State": null,
            "StayInTouchNote": null,
            "StayInTouchSignature": null,
            "StayInTouchSubject": null,
            "Street": null,
            "SystemModstamp": "2021-06-03T19:17:28.000+0000",
            "TimeZoneSidKey": "America/Los_Angeles",
            "Title": null,
            "UserPermissionsCallCenterAutoLogin": false,
            "UserPermissionsInteractionUser": false,
            "UserPermissionsJigsawProspectingUser": false,
            "UserPermissionsKnowledgeUser": false,
            "UserPermissionsMarketingUser": false,
            "UserPermissionsOfflineUser": false,
            "UserPermissionsSFContentUser": false,
            "UserPermissionsSiteforceContributorUser": false,
            "UserPermissionsSiteforcePublisherUser": false,
            "UserPermissionsSupportUser": false,
            "UserPermissionsWorkDotComUserFeature": false,
            "UserPreferencesActivityRemindersPopup": true,
            "UserPreferencesApexPagesDeveloperMode": false,
            "UserPreferencesCacheDiagnostics": false,
            "UserPreferencesContentEmailAsAndWhen": false,
            "UserPreferencesContentNoEmail": false,
            "UserPreferencesCreateLEXAppsWTShown": false,
            "UserPreferencesDisCommentAfterLikeEmail": false,
            "UserPreferencesDisMentionsCommentEmail": false,
            "UserPreferencesDisProfPostCommentEmail": false,
            "UserPreferencesDisableAllFeedsEmail": false,
            "UserPreferencesDisableBookmarkEmail": false,
            "UserPreferencesDisableChangeCommentEmail": false,
            "UserPreferencesDisableEndorsementEmail": false,
            "UserPreferencesDisableFeedbackEmail": false,
            "UserPreferencesDisableFileShareNotificationsForApi": false,
            "UserPreferencesDisableFollowersEmail": false,
            "UserPreferencesDisableLaterCommentEmail": false,
            "UserPreferencesDisableLikeEmail": false,
            "UserPreferencesDisableMentionsPostEmail": false,
            "UserPreferencesDisableMessageEmail": false,
            "UserPreferencesDisableProfilePostEmail": false,
            "UserPreferencesDisableSharePostEmail": false,
            "UserPreferencesDisableWorkEmail": false,
            "UserPreferencesEnableAutoSubForFeeds": false,
            "UserPreferencesEventRemindersCheckboxDefault": true,
            "UserPreferencesExcludeMailAppAttachments": false,
            "UserPreferencesFavoritesShowTopFavorites": false,
            "UserPreferencesFavoritesWTShown": false,
            "UserPreferencesGlobalNavBarWTShown": false,
            "UserPreferencesGlobalNavGridMenuWTShown": false,
            "UserPreferencesHasCelebrationBadge": false,
            "UserPreferencesHideBiggerPhotoCallout": false,
            "UserPreferencesHideCSNDesktopTask": false,
            "UserPreferencesHideCSNGetChatterMobileTask": false,
            "UserPreferencesHideChatterOnboardingSplash": false,
            "UserPreferencesHideEndUserOnboardingAssistantModal": false,
            "UserPreferencesHideLightningMigrationModal": false,
            "UserPreferencesHideS1BrowserUI": false,
            "UserPreferencesHideSecondChatterOnboardingSplash": false,
            "UserPreferencesHideSfxWelcomeMat": false,
            "UserPreferencesJigsawListUser": false,
            "UserPreferencesLightningExperiencePreferred": true,
            "UserPreferencesNewLightningReportRunPageEnabled": false,
            "UserPreferencesPathAssistantCollapsed": false,
            "UserPreferencesPreviewCustomTheme": false,
            "UserPreferencesReceiveNoNotificationsAsApprover": false,
            "UserPreferencesReceiveNotificationsAsDelegatedApprover": false,
            "UserPreferencesRecordHomeReservedWTShown": false,
            "UserPreferencesRecordHomeSectionCollapseWTShown": false,
            "UserPreferencesReminderSoundOff": false,
            "UserPreferencesSRHOverrideActivities": false,
            "UserPreferencesShowCityToExternalUsers": false,
            "UserPreferencesShowCityToGuestUsers": false,
            "UserPreferencesShowCountryToExternalUsers": false,
            "UserPreferencesShowCountryToGuestUsers": false,
            "UserPreferencesShowEmailToExternalUsers": false,
            "UserPreferencesShowEmailToGuestUsers": false,
            "UserPreferencesShowFaxToExternalUsers": false,
            "UserPreferencesShowFaxToGuestUsers": false,
            "UserPreferencesShowManagerToExternalUsers": false,
            "UserPreferencesShowManagerToGuestUsers": false,
            "UserPreferencesShowMobilePhoneToExternalUsers": false,
            "UserPreferencesShowMobilePhoneToGuestUsers": false,
            "UserPreferencesShowPostalCodeToExternalUsers": false,
            "UserPreferencesShowPostalCodeToGuestUsers": false,
            "UserPreferencesShowProfilePicToGuestUsers": false,
            "UserPreferencesShowStateToExternalUsers": false,
            "UserPreferencesShowStateToGuestUsers": false,
            "UserPreferencesShowStreetAddressToExternalUsers": false,
            "UserPreferencesShowStreetAddressToGuestUsers": false,
            "UserPreferencesShowTitleToExternalUsers": false,
            "UserPreferencesShowTitleToGuestUsers": false,
            "UserPreferencesShowWorkPhoneToExternalUsers": false,
            "UserPreferencesShowWorkPhoneToGuestUsers": false,
            "UserPreferencesSortFeedByComment": false,
            "UserPreferencesSuppressEventSFXReminders": false,
            "UserPreferencesSuppressTaskSFXReminders": false,
            "UserPreferencesTaskRemindersCheckboxDefault": true,
            "UserPreferencesUserDebugModePref": false,
            "UserRoleId": null,
            "UserType": "AutomatedProcess",
            "Username": "autoproc@00d5e000001cteceak",
            "attributes": Object {
              "type": "User",
              "url": "/services/data/v50.0/sobjects/User/0055e000003AkKBAA0",
            },
          },
        },
      ],
      "_type": "salesforce_user",
      "createdOn": undefined,
      "displayName": "Automated Process",
      "name": "Automated Process",
      "shortLoginId": "automatedprocess",
      "username": "autoproc@00d5e000001cteceak",
    },
    Object {
      "_class": Array [
        "User",
      ],
      "_key": "0055e000003AkKDAA0",
      "_rawData": Array [
        Object {
          "name": "default",
          "rawData": Object {
            "AboutMe": null,
            "AccountId": null,
            "Address": Object {
              "city": null,
              "country": "xx",
              "geocodeAccuracy": null,
              "latitude": null,
              "longitude": null,
              "postalCode": null,
              "state": null,
              "street": null,
            },
            "Alias": "platint",
            "BadgeText": "",
            "BannerPhotoUrl": "/profilephoto/005/B",
            "CallCenterId": null,
            "City": null,
            "CommunityNickname": "User15819534473983570716",
            "CompanyName": "New Company Name",
            "ContactId": null,
            "Country": "xx",
            "CreatedById": "0055e000003AkKCAA0",
            "CreatedDate": "2021-06-03T19:15:20.000+0000",
            "DefaultGroupNotificationFrequency": "N",
            "DelegatedApproverId": null,
            "Department": null,
            "DigestFrequency": "N",
            "Division": null,
            "Email": "noreply@00d5e000001cteceak",
            "EmailEncodingKey": "UTF-8",
            "EmailPreferencesAutoBcc": true,
            "EmailPreferencesAutoBccStayInTouch": false,
            "EmailPreferencesStayInTouchReminder": true,
            "EmployeeNumber": null,
            "Extension": null,
            "Fax": null,
            "FederationIdentifier": null,
            "FirstName": null,
            "ForecastEnabled": false,
            "FullPhotoUrl": "https://jupiterone2-dev-ed--c.documentforce.com/profilephoto/005/F",
            "GeocodeAccuracy": null,
            "Id": "0055e000003AkKDAA0",
            "IndividualId": null,
            "IsActive": true,
            "IsExtIndicatorVisible": false,
            "IsProfilePhotoActive": false,
            "JigsawImportLimitOverride": null,
            "LanguageLocaleKey": "en_US",
            "LastLoginDate": null,
            "LastModifiedById": "0055e000003AkKCAA0",
            "LastModifiedDate": "2021-06-03T19:15:20.000+0000",
            "LastName": "Platform Integration User",
            "LastReferencedDate": null,
            "LastViewedDate": null,
            "Latitude": null,
            "LocaleSidKey": "en_US",
            "Longitude": null,
            "ManagerId": null,
            "MediumBannerPhotoUrl": "/profilephoto/005/E",
            "MediumPhotoUrl": "https://jupiterone2-dev-ed--c.documentforce.com/profilephoto/005/M",
            "MobilePhone": null,
            "Name": "Platform Integration User",
            "OfflinePdaTrialExpirationDate": null,
            "OfflineTrialExpirationDate": null,
            "OutOfOfficeMessage": "",
            "Phone": null,
            "PostalCode": null,
            "ProfileId": "00e5e000002Fb4CAAS",
            "ReceivesAdminInfoEmails": false,
            "ReceivesInfoEmails": true,
            "SenderEmail": null,
            "SenderName": null,
            "Signature": null,
            "SmallBannerPhotoUrl": "/profilephoto/005/D",
            "SmallPhotoUrl": "https://jupiterone2-dev-ed--c.documentforce.com/profilephoto/005/T",
            "State": null,
            "StayInTouchNote": null,
            "StayInTouchSignature": null,
            "StayInTouchSubject": null,
            "Street": null,
            "SystemModstamp": "2021-06-03T19:17:28.000+0000",
            "TimeZoneSidKey": "America/Los_Angeles",
            "Title": null,
            "UserPermissionsCallCenterAutoLogin": false,
            "UserPermissionsInteractionUser": false,
            "UserPermissionsJigsawProspectingUser": false,
            "UserPermissionsKnowledgeUser": false,
            "UserPermissionsMarketingUser": false,
            "UserPermissionsOfflineUser": false,
            "UserPermissionsSFContentUser": false,
            "UserPermissionsSiteforceContributorUser": false,
            "UserPermissionsSiteforcePublisherUser": false,
            "UserPermissionsSupportUser": false,
            "UserPermissionsWorkDotComUserFeature": false,
            "UserPreferencesActivityRemindersPopup": true,
            "UserPreferencesApexPagesDeveloperMode": false,
            "UserPreferencesCacheDiagnostics": false,
            "UserPreferencesContentEmailAsAndWhen": false,
            "UserPreferencesContentNoEmail": false,
            "UserPreferencesCreateLEXAppsWTShown": false,
            "UserPreferencesDisCommentAfterLikeEmail": false,
            "UserPreferencesDisMentionsCommentEmail": false,
            "UserPreferencesDisProfPostCommentEmail": false,
            "UserPreferencesDisableAllFeedsEmail": false,
            "UserPreferencesDisableBookmarkEmail": false,
            "UserPreferencesDisableChangeCommentEmail": false,
            "UserPreferencesDisableEndorsementEmail": false,
            "UserPreferencesDisableFeedbackEmail": false,
            "UserPreferencesDisableFileShareNotificationsForApi": false,
            "UserPreferencesDisableFollowersEmail": false,
            "UserPreferencesDisableLaterCommentEmail": false,
            "UserPreferencesDisableLikeEmail": false,
            "UserPreferencesDisableMentionsPostEmail": false,
            "UserPreferencesDisableMessageEmail": false,
            "UserPreferencesDisableProfilePostEmail": false,
            "UserPreferencesDisableSharePostEmail": false,
            "UserPreferencesDisableWorkEmail": false,
            "UserPreferencesEnableAutoSubForFeeds": false,
            "UserPreferencesEventRemindersCheckboxDefault": true,
            "UserPreferencesExcludeMailAppAttachments": false,
            "UserPreferencesFavoritesShowTopFavorites": false,
            "UserPreferencesFavoritesWTShown": false,
            "UserPreferencesGlobalNavBarWTShown": false,
            "UserPreferencesGlobalNavGridMenuWTShown": false,
            "UserPreferencesHasCelebrationBadge": false,
            "UserPreferencesHideBiggerPhotoCallout": false,
            "UserPreferencesHideCSNDesktopTask": false,
            "UserPreferencesHideCSNGetChatterMobileTask": false,
            "UserPreferencesHideChatterOnboardingSplash": false,
            "UserPreferencesHideEndUserOnboardingAssistantModal": false,
            "UserPreferencesHideLightningMigrationModal": false,
            "UserPreferencesHideS1BrowserUI": false,
            "UserPreferencesHideSecondChatterOnboardingSplash": false,
            "UserPreferencesHideSfxWelcomeMat": false,
            "UserPreferencesJigsawListUser": false,
            "UserPreferencesLightningExperiencePreferred": true,
            "UserPreferencesNewLightningReportRunPageEnabled": false,
            "UserPreferencesPathAssistantCollapsed": false,
            "UserPreferencesPreviewCustomTheme": false,
            "UserPreferencesReceiveNoNotificationsAsApprover": false,
            "UserPreferencesReceiveNotificationsAsDelegatedApprover": false,
            "UserPreferencesRecordHomeReservedWTShown": false,
            "UserPreferencesRecordHomeSectionCollapseWTShown": false,
            "UserPreferencesReminderSoundOff": false,
            "UserPreferencesSRHOverrideActivities": false,
            "UserPreferencesShowCityToExternalUsers": false,
            "UserPreferencesShowCityToGuestUsers": false,
            "UserPreferencesShowCountryToExternalUsers": false,
            "UserPreferencesShowCountryToGuestUsers": false,
            "UserPreferencesShowEmailToExternalUsers": false,
            "UserPreferencesShowEmailToGuestUsers": false,
            "UserPreferencesShowFaxToExternalUsers": false,
            "UserPreferencesShowFaxToGuestUsers": false,
            "UserPreferencesShowManagerToExternalUsers": false,
            "UserPreferencesShowManagerToGuestUsers": false,
            "UserPreferencesShowMobilePhoneToExternalUsers": false,
            "UserPreferencesShowMobilePhoneToGuestUsers": false,
            "UserPreferencesShowPostalCodeToExternalUsers": false,
            "UserPreferencesShowPostalCodeToGuestUsers": false,
            "UserPreferencesShowProfilePicToGuestUsers": false,
            "UserPreferencesShowStateToExternalUsers": false,
            "UserPreferencesShowStateToGuestUsers": false,
            "UserPreferencesShowStreetAddressToExternalUsers": false,
            "UserPreferencesShowStreetAddressToGuestUsers": false,
            "UserPreferencesShowTitleToExternalUsers": false,
            "UserPreferencesShowTitleToGuestUsers": false,
            "UserPreferencesShowWorkPhoneToExternalUsers": false,
            "UserPreferencesShowWorkPhoneToGuestUsers": false,
            "UserPreferencesSortFeedByComment": false,
            "UserPreferencesSuppressEventSFXReminders": false,
            "UserPreferencesSuppressTaskSFXReminders": false,
            "UserPreferencesTaskRemindersCheckboxDefault": true,
            "UserPreferencesUserDebugModePref": false,
            "UserRoleId": null,
            "UserType": "CloudIntegrationUser",
            "Username": "cloud@00d5e000001cteceak",
            "attributes": Object {
              "type": "User",
              "url": "/services/data/v50.0/sobjects/User/0055e000003AkKDAA0",
            },
          },
        },
      ],
      "_type": "salesforce_user",
      "createdOn": undefined,
      "displayName": "Platform Integration User",
      "name": "Platform Integration User",
      "shortLoginId": "User15819534473983570716",
      "username": "cloud@00d5e000001cteceak",
    },
    Object {
      "_class": Array [
        "User",
      ],
      "_key": "0055e000003AkKEAA0",
      "_rawData": Array [
        Object {
          "name": "default",
          "rawData": Object {
            "AboutMe": null,
            "AccountId": null,
            "Address": Object {
              "city": null,
              "country": "xx",
              "geocodeAccuracy": null,
              "latitude": null,
              "longitude": null,
              "postalCode": null,
              "state": null,
              "street": null,
            },
            "Alias": "autocln",
            "BadgeText": "",
            "BannerPhotoUrl": "/profilephoto/005/B",
            "CallCenterId": null,
            "City": null,
            "CommunityNickname": "User15819537108698329215",
            "CompanyName": "New Company Name",
            "ContactId": null,
            "Country": "xx",
            "CreatedById": "0055e000003AkKCAA0",
            "CreatedDate": "2021-06-03T19:15:20.000+0000",
            "DefaultGroupNotificationFrequency": "N",
            "DelegatedApproverId": null,
            "Department": null,
            "DigestFrequency": "N",
            "Division": null,
            "Email": "automatedclean@00d5e000001cteceak",
            "EmailEncodingKey": "UTF-8",
            "EmailPreferencesAutoBcc": true,
            "EmailPreferencesAutoBccStayInTouch": false,
            "EmailPreferencesStayInTouchReminder": true,
            "EmployeeNumber": null,
            "Extension": null,
            "Fax": null,
            "FederationIdentifier": null,
            "FirstName": null,
            "ForecastEnabled": false,
            "FullPhotoUrl": "https://jupiterone2-dev-ed--c.documentforce.com/profilephoto/005/F",
            "GeocodeAccuracy": null,
            "Id": "0055e000003AkKEAA0",
            "IndividualId": null,
            "IsActive": true,
            "IsExtIndicatorVisible": false,
            "IsProfilePhotoActive": false,
            "JigsawImportLimitOverride": null,
            "LanguageLocaleKey": "en_US",
            "LastLoginDate": null,
            "LastModifiedById": "0055e000003AkKCAA0",
            "LastModifiedDate": "2021-06-03T19:15:20.000+0000",
            "LastName": "Data.com Clean",
            "LastReferencedDate": null,
            "LastViewedDate": null,
            "Latitude": null,
            "LocaleSidKey": "en_US",
            "Longitude": null,
            "ManagerId": null,
            "MediumBannerPhotoUrl": "/profilephoto/005/E",
            "MediumPhotoUrl": "https://jupiterone2-dev-ed--c.documentforce.com/profilephoto/005/M",
            "MobilePhone": null,
            "Name": "Data.com Clean",
            "OfflinePdaTrialExpirationDate": null,
            "OfflineTrialExpirationDate": null,
            "OutOfOfficeMessage": "",
            "Phone": null,
            "PostalCode": null,
            "ProfileId": "00e5e000002Fb4AAAS",
            "ReceivesAdminInfoEmails": false,
            "ReceivesInfoEmails": true,
            "SenderEmail": null,
            "SenderName": null,
            "Signature": null,
            "SmallBannerPhotoUrl": "/profilephoto/005/D",
            "SmallPhotoUrl": "https://jupiterone2-dev-ed--c.documentforce.com/profilephoto/005/T",
            "State": null,
            "StayInTouchNote": null,
            "StayInTouchSignature": null,
            "StayInTouchSubject": null,
            "Street": null,
            "SystemModstamp": "2021-06-03T19:17:28.000+0000",
            "TimeZoneSidKey": "America/Los_Angeles",
            "Title": null,
            "UserPermissionsCallCenterAutoLogin": false,
            "UserPermissionsInteractionUser": false,
            "UserPermissionsJigsawProspectingUser": false,
            "UserPermissionsKnowledgeUser": false,
            "UserPermissionsMarketingUser": false,
            "UserPermissionsOfflineUser": false,
            "UserPermissionsSFContentUser": false,
            "UserPermissionsSiteforceContributorUser": false,
            "UserPermissionsSiteforcePublisherUser": false,
            "UserPermissionsSupportUser": false,
            "UserPermissionsWorkDotComUserFeature": false,
            "UserPreferencesActivityRemindersPopup": true,
            "UserPreferencesApexPagesDeveloperMode": false,
            "UserPreferencesCacheDiagnostics": false,
            "UserPreferencesContentEmailAsAndWhen": false,
            "UserPreferencesContentNoEmail": false,
            "UserPreferencesCreateLEXAppsWTShown": false,
            "UserPreferencesDisCommentAfterLikeEmail": false,
            "UserPreferencesDisMentionsCommentEmail": false,
            "UserPreferencesDisProfPostCommentEmail": false,
            "UserPreferencesDisableAllFeedsEmail": false,
            "UserPreferencesDisableBookmarkEmail": false,
            "UserPreferencesDisableChangeCommentEmail": false,
            "UserPreferencesDisableEndorsementEmail": false,
            "UserPreferencesDisableFeedbackEmail": false,
            "UserPreferencesDisableFileShareNotificationsForApi": false,
            "UserPreferencesDisableFollowersEmail": false,
            "UserPreferencesDisableLaterCommentEmail": false,
            "UserPreferencesDisableLikeEmail": false,
            "UserPreferencesDisableMentionsPostEmail": false,
            "UserPreferencesDisableMessageEmail": false,
            "UserPreferencesDisableProfilePostEmail": false,
            "UserPreferencesDisableSharePostEmail": false,
            "UserPreferencesDisableWorkEmail": false,
            "UserPreferencesEnableAutoSubForFeeds": false,
            "UserPreferencesEventRemindersCheckboxDefault": true,
            "UserPreferencesExcludeMailAppAttachments": false,
            "UserPreferencesFavoritesShowTopFavorites": false,
            "UserPreferencesFavoritesWTShown": false,
            "UserPreferencesGlobalNavBarWTShown": false,
            "UserPreferencesGlobalNavGridMenuWTShown": false,
            "UserPreferencesHasCelebrationBadge": false,
            "UserPreferencesHideBiggerPhotoCallout": false,
            "UserPreferencesHideCSNDesktopTask": false,
            "UserPreferencesHideCSNGetChatterMobileTask": false,
            "UserPreferencesHideChatterOnboardingSplash": false,
            "UserPreferencesHideEndUserOnboardingAssistantModal": false,
            "UserPreferencesHideLightningMigrationModal": false,
            "UserPreferencesHideS1BrowserUI": false,
            "UserPreferencesHideSecondChatterOnboardingSplash": false,
            "UserPreferencesHideSfxWelcomeMat": false,
            "UserPreferencesJigsawListUser": false,
            "UserPreferencesLightningExperiencePreferred": true,
            "UserPreferencesNewLightningReportRunPageEnabled": false,
            "UserPreferencesPathAssistantCollapsed": false,
            "UserPreferencesPreviewCustomTheme": false,
            "UserPreferencesReceiveNoNotificationsAsApprover": false,
            "UserPreferencesReceiveNotificationsAsDelegatedApprover": false,
            "UserPreferencesRecordHomeReservedWTShown": false,
            "UserPreferencesRecordHomeSectionCollapseWTShown": false,
            "UserPreferencesReminderSoundOff": false,
            "UserPreferencesSRHOverrideActivities": false,
            "UserPreferencesShowCityToExternalUsers": false,
            "UserPreferencesShowCityToGuestUsers": false,
            "UserPreferencesShowCountryToExternalUsers": false,
            "UserPreferencesShowCountryToGuestUsers": false,
            "UserPreferencesShowEmailToExternalUsers": false,
            "UserPreferencesShowEmailToGuestUsers": false,
            "UserPreferencesShowFaxToExternalUsers": false,
            "UserPreferencesShowFaxToGuestUsers": false,
            "UserPreferencesShowManagerToExternalUsers": false,
            "UserPreferencesShowManagerToGuestUsers": false,
            "UserPreferencesShowMobilePhoneToExternalUsers": false,
            "UserPreferencesShowMobilePhoneToGuestUsers": false,
            "UserPreferencesShowPostalCodeToExternalUsers": false,
            "UserPreferencesShowPostalCodeToGuestUsers": false,
            "UserPreferencesShowProfilePicToGuestUsers": false,
            "UserPreferencesShowStateToExternalUsers": false,
            "UserPreferencesShowStateToGuestUsers": false,
            "UserPreferencesShowStreetAddressToExternalUsers": false,
            "UserPreferencesShowStreetAddressToGuestUsers": false,
            "UserPreferencesShowTitleToExternalUsers": false,
            "UserPreferencesShowTitleToGuestUsers": false,
            "UserPreferencesShowWorkPhoneToExternalUsers": false,
            "UserPreferencesShowWorkPhoneToGuestUsers": false,
            "UserPreferencesSortFeedByComment": false,
            "UserPreferencesSuppressEventSFXReminders": false,
            "UserPreferencesSuppressTaskSFXReminders": false,
            "UserPreferencesTaskRemindersCheckboxDefault": true,
            "UserPreferencesUserDebugModePref": false,
            "UserRoleId": null,
            "UserType": "AutomatedProcess",
            "Username": "automatedclean@00d5e000001cteceak",
            "attributes": Object {
              "type": "User",
              "url": "/services/data/v50.0/sobjects/User/0055e000003AkKEAA0",
            },
          },
        },
      ],
      "_type": "salesforce_user",
      "createdOn": undefined,
      "displayName": "Data.com Clean",
      "name": "Data.com Clean",
      "shortLoginId": "User15819537108698329215",
      "username": "automatedclean@00d5e000001cteceak",
    },
    Object {
      "_class": Array [
        "User",
      ],
      "_key": "0055e000003AkKFAA0",
      "_rawData": Array [
        Object {
          "name": "default",
          "rawData": Object {
            "AboutMe": "I’m here to help you get started with Chatter. I’ll introduce you to features, create sample posts, and suggest tips and best practices.

I'm an automated user so you don't need to worry about privacy! I can't see any of your posts or files.

If I'm too noisy, have your admin or moderator deactivate me and I'll stop posting.",
            "AccountId": null,
            "Address": Object {
              "city": null,
              "country": "xx",
              "geocodeAccuracy": null,
              "latitude": null,
              "longitude": null,
              "postalCode": null,
              "state": null,
              "street": null,
            },
            "Alias": "Chatter",
            "BadgeText": "",
            "BannerPhotoUrl": "/profilephoto/005/B",
            "CallCenterId": null,
            "City": null,
            "CommunityNickname": "Chatter Expert",
            "CompanyName": "New Company Name",
            "ContactId": null,
            "Country": "xx",
            "CreatedById": "0055e000003CLIZAA4",
            "CreatedDate": "2021-06-03T19:15:20.000+0000",
            "DefaultGroupNotificationFrequency": "N",
            "DelegatedApproverId": null,
            "Department": null,
            "DigestFrequency": "D",
            "Division": null,
            "Email": "noreply@chatter.salesforce.com",
            "EmailEncodingKey": "UTF-8",
            "EmailPreferencesAutoBcc": true,
            "EmailPreferencesAutoBccStayInTouch": false,
            "EmailPreferencesStayInTouchReminder": true,
            "EmployeeNumber": null,
            "Extension": null,
            "Fax": null,
            "FederationIdentifier": null,
            "FirstName": null,
            "ForecastEnabled": false,
            "FullPhotoUrl": "https://jupiterone2-dev-ed--c.documentforce.com/profilephoto/7295e000001BEk0/F",
            "GeocodeAccuracy": null,
            "Id": "0055e000003AkKFAA0",
            "IndividualId": null,
            "IsActive": true,
            "IsExtIndicatorVisible": false,
            "IsProfilePhotoActive": true,
            "JigsawImportLimitOverride": null,
            "LanguageLocaleKey": "en_US",
            "LastLoginDate": null,
            "LastModifiedById": "0055e000003CLIZAA4",
            "LastModifiedDate": "2021-06-03T19:15:20.000+0000",
            "LastName": "Chatter Expert",
            "LastReferencedDate": null,
            "LastViewedDate": null,
            "Latitude": null,
            "LocaleSidKey": "en_US",
            "Longitude": null,
            "ManagerId": null,
            "MediumBannerPhotoUrl": "/profilephoto/005/E",
            "MediumPhotoUrl": null,
            "MobilePhone": null,
            "Name": "Chatter Expert",
            "OfflinePdaTrialExpirationDate": null,
            "OfflineTrialExpirationDate": null,
            "OutOfOfficeMessage": "",
            "Phone": null,
            "PostalCode": null,
            "ProfileId": "00e5e000002Fb4DAAS",
            "ReceivesAdminInfoEmails": false,
            "ReceivesInfoEmails": true,
            "SenderEmail": null,
            "SenderName": null,
            "Signature": null,
            "SmallBannerPhotoUrl": "/profilephoto/005/D",
            "SmallPhotoUrl": "https://jupiterone2-dev-ed--c.documentforce.com/profilephoto/7295e000001BEk0/T",
            "State": null,
            "StayInTouchNote": null,
            "StayInTouchSignature": null,
            "StayInTouchSubject": null,
            "Street": null,
            "SystemModstamp": "2021-06-03T19:17:28.000+0000",
            "TimeZoneSidKey": "America/Los_Angeles",
            "Title": null,
            "UserPermissionsCallCenterAutoLogin": false,
            "UserPermissionsInteractionUser": false,
            "UserPermissionsJigsawProspectingUser": false,
            "UserPermissionsKnowledgeUser": false,
            "UserPermissionsMarketingUser": false,
            "UserPermissionsOfflineUser": false,
            "UserPermissionsSFContentUser": false,
            "UserPermissionsSiteforceContributorUser": false,
            "UserPermissionsSiteforcePublisherUser": false,
            "UserPermissionsSupportUser": false,
            "UserPermissionsWorkDotComUserFeature": false,
            "UserPreferencesActivityRemindersPopup": true,
            "UserPreferencesApexPagesDeveloperMode": false,
            "UserPreferencesCacheDiagnostics": false,
            "UserPreferencesContentEmailAsAndWhen": false,
            "UserPreferencesContentNoEmail": false,
            "UserPreferencesCreateLEXAppsWTShown": false,
            "UserPreferencesDisCommentAfterLikeEmail": false,
            "UserPreferencesDisMentionsCommentEmail": false,
            "UserPreferencesDisProfPostCommentEmail": false,
            "UserPreferencesDisableAllFeedsEmail": false,
            "UserPreferencesDisableBookmarkEmail": false,
            "UserPreferencesDisableChangeCommentEmail": false,
            "UserPreferencesDisableEndorsementEmail": false,
            "UserPreferencesDisableFeedbackEmail": false,
            "UserPreferencesDisableFileShareNotificationsForApi": false,
            "UserPreferencesDisableFollowersEmail": false,
            "UserPreferencesDisableLaterCommentEmail": false,
            "UserPreferencesDisableLikeEmail": false,
            "UserPreferencesDisableMentionsPostEmail": false,
            "UserPreferencesDisableMessageEmail": false,
            "UserPreferencesDisableProfilePostEmail": false,
            "UserPreferencesDisableSharePostEmail": false,
            "UserPreferencesDisableWorkEmail": false,
            "UserPreferencesEnableAutoSubForFeeds": false,
            "UserPreferencesEventRemindersCheckboxDefault": true,
            "UserPreferencesExcludeMailAppAttachments": false,
            "UserPreferencesFavoritesShowTopFavorites": false,
            "UserPreferencesFavoritesWTShown": false,
            "UserPreferencesGlobalNavBarWTShown": false,
            "UserPreferencesGlobalNavGridMenuWTShown": false,
            "UserPreferencesHasCelebrationBadge": false,
            "UserPreferencesHideBiggerPhotoCallout": false,
            "UserPreferencesHideCSNDesktopTask": false,
            "UserPreferencesHideCSNGetChatterMobileTask": false,
            "UserPreferencesHideChatterOnboardingSplash": false,
            "UserPreferencesHideEndUserOnboardingAssistantModal": false,
            "UserPreferencesHideLightningMigrationModal": false,
            "UserPreferencesHideS1BrowserUI": false,
            "UserPreferencesHideSecondChatterOnboardingSplash": false,
            "UserPreferencesHideSfxWelcomeMat": false,
            "UserPreferencesJigsawListUser": false,
            "UserPreferencesLightningExperiencePreferred": true,
            "UserPreferencesNewLightningReportRunPageEnabled": false,
            "UserPreferencesPathAssistantCollapsed": false,
            "UserPreferencesPreviewCustomTheme": false,
            "UserPreferencesReceiveNoNotificationsAsApprover": false,
            "UserPreferencesReceiveNotificationsAsDelegatedApprover": false,
            "UserPreferencesRecordHomeReservedWTShown": false,
            "UserPreferencesRecordHomeSectionCollapseWTShown": false,
            "UserPreferencesReminderSoundOff": false,
            "UserPreferencesSRHOverrideActivities": false,
            "UserPreferencesShowCityToExternalUsers": false,
            "UserPreferencesShowCityToGuestUsers": false,
            "UserPreferencesShowCountryToExternalUsers": false,
            "UserPreferencesShowCountryToGuestUsers": false,
            "UserPreferencesShowEmailToExternalUsers": false,
            "UserPreferencesShowEmailToGuestUsers": false,
            "UserPreferencesShowFaxToExternalUsers": false,
            "UserPreferencesShowFaxToGuestUsers": false,
            "UserPreferencesShowManagerToExternalUsers": false,
            "UserPreferencesShowManagerToGuestUsers": false,
            "UserPreferencesShowMobilePhoneToExternalUsers": false,
            "UserPreferencesShowMobilePhoneToGuestUsers": false,
            "UserPreferencesShowPostalCodeToExternalUsers": false,
            "UserPreferencesShowPostalCodeToGuestUsers": false,
            "UserPreferencesShowProfilePicToGuestUsers": false,
            "UserPreferencesShowStateToExternalUsers": false,
            "UserPreferencesShowStateToGuestUsers": false,
            "UserPreferencesShowStreetAddressToExternalUsers": false,
            "UserPreferencesShowStreetAddressToGuestUsers": false,
            "UserPreferencesShowTitleToExternalUsers": false,
            "UserPreferencesShowTitleToGuestUsers": false,
            "UserPreferencesShowWorkPhoneToExternalUsers": false,
            "UserPreferencesShowWorkPhoneToGuestUsers": false,
            "UserPreferencesSortFeedByComment": false,
            "UserPreferencesSuppressEventSFXReminders": false,
            "UserPreferencesSuppressTaskSFXReminders": false,
            "UserPreferencesTaskRemindersCheckboxDefault": true,
            "UserPreferencesUserDebugModePref": false,
            "UserRoleId": null,
            "UserType": "CsnOnly",
            "Username": "chatty.00d5e000001cteceak.tiabhqf4vjpa@chatter.salesforce.com",
            "attributes": Object {
              "type": "User",
              "url": "/services/data/v50.0/sobjects/User/0055e000003AkKFAA0",
            },
          },
        },
      ],
      "_type": "salesforce_user",
      "createdOn": undefined,
      "displayName": "Chatter Expert",
      "name": "Chatter Expert",
      "shortLoginId": "Chatter Expert",
      "username": "chatty.00d5e000001cteceak.tiabhqf4vjpa@chatter.salesforce.com",
    },
    Object {
      "_class": Array [
        "User",
      ],
      "_key": "0055e000003AkKGAA0",
      "_rawData": Array [
        Object {
          "name": "default",
          "rawData": Object {
            "AboutMe": null,
            "AccountId": null,
            "Address": Object {
              "city": null,
              "country": "xx",
              "geocodeAccuracy": null,
              "latitude": null,
              "longitude": null,
              "postalCode": null,
              "state": null,
              "street": null,
            },
            "Alias": "sec",
            "BadgeText": "",
            "BannerPhotoUrl": "/profilephoto/005/B",
            "CallCenterId": null,
            "City": null,
            "CommunityNickname": "insightssecurity1.4407085845464958E12",
            "CompanyName": "New Company Name",
            "ContactId": null,
            "Country": "xx",
            "CreatedById": "0055e000003CLIZAA4",
            "CreatedDate": "2021-06-03T19:15:20.000+0000",
            "DefaultGroupNotificationFrequency": "N",
            "DelegatedApproverId": null,
            "Department": null,
            "DigestFrequency": "N",
            "Division": null,
            "Email": "insightssecurity@example.com",
            "EmailEncodingKey": "UTF-8",
            "EmailPreferencesAutoBcc": true,
            "EmailPreferencesAutoBccStayInTouch": false,
            "EmailPreferencesStayInTouchReminder": true,
            "EmployeeNumber": null,
            "Extension": null,
            "Fax": null,
            "FederationIdentifier": null,
            "FirstName": "Security",
            "ForecastEnabled": false,
            "FullPhotoUrl": "https://jupiterone2-dev-ed--c.documentforce.com/profilephoto/005/F",
            "GeocodeAccuracy": null,
            "Id": "0055e000003AkKGAA0",
            "IndividualId": null,
            "IsActive": true,
            "IsExtIndicatorVisible": false,
            "IsProfilePhotoActive": false,
            "JigsawImportLimitOverride": null,
            "LanguageLocaleKey": "en_US",
            "LastLoginDate": null,
            "LastModifiedById": "0055e000003CLIZAA4",
            "LastModifiedDate": "2021-06-03T19:15:20.000+0000",
            "LastName": "User",
            "LastReferencedDate": null,
            "LastViewedDate": null,
            "Latitude": null,
            "LocaleSidKey": "en_US",
            "Longitude": null,
            "ManagerId": null,
            "MediumBannerPhotoUrl": "/profilephoto/005/E",
            "MediumPhotoUrl": "https://jupiterone2-dev-ed--c.documentforce.com/profilephoto/005/M",
            "MobilePhone": null,
            "Name": "Security User",
            "OfflinePdaTrialExpirationDate": null,
            "OfflineTrialExpirationDate": null,
            "OutOfOfficeMessage": "",
            "Phone": null,
            "PostalCode": null,
            "ProfileId": "00e5e000002Fb4EAAS",
            "ReceivesAdminInfoEmails": false,
            "ReceivesInfoEmails": true,
            "SenderEmail": null,
            "SenderName": null,
            "Signature": null,
            "SmallBannerPhotoUrl": "/profilephoto/005/D",
            "SmallPhotoUrl": "https://jupiterone2-dev-ed--c.documentforce.com/profilephoto/005/T",
            "State": null,
            "StayInTouchNote": null,
            "StayInTouchSignature": null,
            "StayInTouchSubject": null,
            "Street": null,
            "SystemModstamp": "2021-06-03T19:17:28.000+0000",
            "TimeZoneSidKey": "America/Los_Angeles",
            "Title": null,
            "UserPermissionsCallCenterAutoLogin": false,
            "UserPermissionsInteractionUser": false,
            "UserPermissionsJigsawProspectingUser": false,
            "UserPermissionsKnowledgeUser": false,
            "UserPermissionsMarketingUser": false,
            "UserPermissionsOfflineUser": false,
            "UserPermissionsSFContentUser": false,
            "UserPermissionsSiteforceContributorUser": false,
            "UserPermissionsSiteforcePublisherUser": false,
            "UserPermissionsSupportUser": false,
            "UserPermissionsWorkDotComUserFeature": false,
            "UserPreferencesActivityRemindersPopup": true,
            "UserPreferencesApexPagesDeveloperMode": false,
            "UserPreferencesCacheDiagnostics": false,
            "UserPreferencesContentEmailAsAndWhen": false,
            "UserPreferencesContentNoEmail": false,
            "UserPreferencesCreateLEXAppsWTShown": false,
            "UserPreferencesDisCommentAfterLikeEmail": false,
            "UserPreferencesDisMentionsCommentEmail": false,
            "UserPreferencesDisProfPostCommentEmail": false,
            "UserPreferencesDisableAllFeedsEmail": false,
            "UserPreferencesDisableBookmarkEmail": false,
            "UserPreferencesDisableChangeCommentEmail": false,
            "UserPreferencesDisableEndorsementEmail": false,
            "UserPreferencesDisableFeedbackEmail": false,
            "UserPreferencesDisableFileShareNotificationsForApi": false,
            "UserPreferencesDisableFollowersEmail": false,
            "UserPreferencesDisableLaterCommentEmail": false,
            "UserPreferencesDisableLikeEmail": false,
            "UserPreferencesDisableMentionsPostEmail": false,
            "UserPreferencesDisableMessageEmail": false,
            "UserPreferencesDisableProfilePostEmail": false,
            "UserPreferencesDisableSharePostEmail": false,
            "UserPreferencesDisableWorkEmail": false,
            "UserPreferencesEnableAutoSubForFeeds": false,
            "UserPreferencesEventRemindersCheckboxDefault": true,
            "UserPreferencesExcludeMailAppAttachments": false,
            "UserPreferencesFavoritesShowTopFavorites": false,
            "UserPreferencesFavoritesWTShown": false,
            "UserPreferencesGlobalNavBarWTShown": false,
            "UserPreferencesGlobalNavGridMenuWTShown": false,
            "UserPreferencesHasCelebrationBadge": false,
            "UserPreferencesHideBiggerPhotoCallout": false,
            "UserPreferencesHideCSNDesktopTask": false,
            "UserPreferencesHideCSNGetChatterMobileTask": false,
            "UserPreferencesHideChatterOnboardingSplash": false,
            "UserPreferencesHideEndUserOnboardingAssistantModal": false,
            "UserPreferencesHideLightningMigrationModal": false,
            "UserPreferencesHideS1BrowserUI": false,
            "UserPreferencesHideSecondChatterOnboardingSplash": false,
            "UserPreferencesHideSfxWelcomeMat": false,
            "UserPreferencesJigsawListUser": false,
            "UserPreferencesLightningExperiencePreferred": true,
            "UserPreferencesNewLightningReportRunPageEnabled": false,
            "UserPreferencesPathAssistantCollapsed": false,
            "UserPreferencesPreviewCustomTheme": false,
            "UserPreferencesReceiveNoNotificationsAsApprover": false,
            "UserPreferencesReceiveNotificationsAsDelegatedApprover": false,
            "UserPreferencesRecordHomeReservedWTShown": false,
            "UserPreferencesRecordHomeSectionCollapseWTShown": false,
            "UserPreferencesReminderSoundOff": false,
            "UserPreferencesSRHOverrideActivities": false,
            "UserPreferencesShowCityToExternalUsers": false,
            "UserPreferencesShowCityToGuestUsers": false,
            "UserPreferencesShowCountryToExternalUsers": false,
            "UserPreferencesShowCountryToGuestUsers": false,
            "UserPreferencesShowEmailToExternalUsers": false,
            "UserPreferencesShowEmailToGuestUsers": false,
            "UserPreferencesShowFaxToExternalUsers": false,
            "UserPreferencesShowFaxToGuestUsers": false,
            "UserPreferencesShowManagerToExternalUsers": false,
            "UserPreferencesShowManagerToGuestUsers": false,
            "UserPreferencesShowMobilePhoneToExternalUsers": false,
            "UserPreferencesShowMobilePhoneToGuestUsers": false,
            "UserPreferencesShowPostalCodeToExternalUsers": false,
            "UserPreferencesShowPostalCodeToGuestUsers": false,
            "UserPreferencesShowProfilePicToGuestUsers": false,
            "UserPreferencesShowStateToExternalUsers": false,
            "UserPreferencesShowStateToGuestUsers": false,
            "UserPreferencesShowStreetAddressToExternalUsers": false,
            "UserPreferencesShowStreetAddressToGuestUsers": false,
            "UserPreferencesShowTitleToExternalUsers": false,
            "UserPreferencesShowTitleToGuestUsers": false,
            "UserPreferencesShowWorkPhoneToExternalUsers": false,
            "UserPreferencesShowWorkPhoneToGuestUsers": false,
            "UserPreferencesSortFeedByComment": false,
            "UserPreferencesSuppressEventSFXReminders": false,
            "UserPreferencesSuppressTaskSFXReminders": false,
            "UserPreferencesTaskRemindersCheckboxDefault": true,
            "UserPreferencesUserDebugModePref": false,
            "UserRoleId": null,
            "UserType": "Standard",
            "Username": "insightssecurity@00d5e000001cteceak.com",
            "attributes": Object {
              "type": "User",
              "url": "/services/data/v50.0/sobjects/User/0055e000003AkKGAA0",
            },
          },
        },
      ],
      "_type": "salesforce_user",
      "createdOn": undefined,
      "displayName": "Security User",
      "name": "Security User",
      "shortLoginId": "insightssecurity1.4407085845464958E12",
      "username": "insightssecurity@00d5e000001cteceak.com",
    },
    Object {
      "_class": Array [
        "User",
      ],
      "_key": "0055e000003CLIZAA4",
      "_rawData": Array [
        Object {
          "name": "default",
          "rawData": Object {
            "AboutMe": null,
            "AccountId": null,
            "Address": Object {
              "city": null,
              "country": "US",
              "geocodeAccuracy": null,
              "latitude": null,
              "longitude": null,
              "postalCode": null,
              "state": null,
              "street": null,
            },
            "Alias": "CElia",
            "BadgeText": "",
            "BannerPhotoUrl": "/profilephoto/005/B",
            "CallCenterId": null,
            "City": null,
            "CommunityNickname": "chris.elias",
            "CompanyName": "JupiterOne",
            "ContactId": null,
            "Country": "US",
            "CreatedById": "0055e000003CLIZAA4",
            "CreatedDate": "2021-06-03T19:15:20.000+0000",
            "DefaultGroupNotificationFrequency": "N",
            "DelegatedApproverId": null,
            "Department": null,
            "DigestFrequency": "D",
            "Division": null,
            "Email": "chris.elias@jupiterone.com",
            "EmailEncodingKey": "UTF-8",
            "EmailPreferencesAutoBcc": true,
            "EmailPreferencesAutoBccStayInTouch": false,
            "EmailPreferencesStayInTouchReminder": true,
            "EmployeeNumber": null,
            "Extension": null,
            "Fax": null,
            "FederationIdentifier": null,
            "FirstName": "Chris",
            "ForecastEnabled": true,
            "FullPhotoUrl": "https://jupiterone2-dev-ed--c.documentforce.com/profilephoto/005/F",
            "GeocodeAccuracy": null,
            "Id": "0055e000003CLIZAA4",
            "IndividualId": null,
            "IsActive": true,
            "IsExtIndicatorVisible": false,
            "IsProfilePhotoActive": false,
            "JigsawImportLimitOverride": null,
            "LanguageLocaleKey": "en_US",
            "LastLoginDate": "2021-06-08T14:48:27.000+0000",
            "LastModifiedById": "0055e000003CLIZAA4",
            "LastModifiedDate": "2021-06-03T19:20:30.000+0000",
            "LastName": "Elias",
            "LastReferencedDate": null,
            "LastViewedDate": null,
            "Latitude": null,
            "LocaleSidKey": "en_US",
            "Longitude": null,
            "ManagerId": null,
            "MediumBannerPhotoUrl": "/profilephoto/005/E",
            "MediumPhotoUrl": "https://jupiterone2-dev-ed--c.documentforce.com/profilephoto/005/M",
            "MobilePhone": null,
            "Name": "Chris Elias",
            "OfflinePdaTrialExpirationDate": null,
            "OfflineTrialExpirationDate": null,
            "OutOfOfficeMessage": "",
            "Phone": null,
            "PostalCode": null,
            "ProfileId": "00e5e000002Fb48AAC",
            "ReceivesAdminInfoEmails": true,
            "ReceivesInfoEmails": false,
            "SenderEmail": null,
            "SenderName": null,
            "Signature": null,
            "SmallBannerPhotoUrl": "/profilephoto/005/D",
            "SmallPhotoUrl": "https://jupiterone2-dev-ed--c.documentforce.com/profilephoto/005/T",
            "State": null,
            "StayInTouchNote": null,
            "StayInTouchSignature": null,
            "StayInTouchSubject": null,
            "Street": null,
            "SystemModstamp": "2021-06-07T19:09:56.000+0000",
            "TimeZoneSidKey": "America/Los_Angeles",
            "Title": null,
            "UserPermissionsCallCenterAutoLogin": false,
            "UserPermissionsInteractionUser": false,
            "UserPermissionsJigsawProspectingUser": false,
            "UserPermissionsKnowledgeUser": false,
            "UserPermissionsMarketingUser": true,
            "UserPermissionsOfflineUser": true,
            "UserPermissionsSFContentUser": true,
            "UserPermissionsSiteforceContributorUser": false,
            "UserPermissionsSiteforcePublisherUser": false,
            "UserPermissionsSupportUser": true,
            "UserPermissionsWorkDotComUserFeature": false,
            "UserPreferencesActivityRemindersPopup": true,
            "UserPreferencesApexPagesDeveloperMode": false,
            "UserPreferencesCacheDiagnostics": false,
            "UserPreferencesContentEmailAsAndWhen": false,
            "UserPreferencesContentNoEmail": false,
            "UserPreferencesCreateLEXAppsWTShown": false,
            "UserPreferencesDisCommentAfterLikeEmail": false,
            "UserPreferencesDisMentionsCommentEmail": false,
            "UserPreferencesDisProfPostCommentEmail": false,
            "UserPreferencesDisableAllFeedsEmail": false,
            "UserPreferencesDisableBookmarkEmail": false,
            "UserPreferencesDisableChangeCommentEmail": false,
            "UserPreferencesDisableEndorsementEmail": false,
            "UserPreferencesDisableFeedbackEmail": false,
            "UserPreferencesDisableFileShareNotificationsForApi": false,
            "UserPreferencesDisableFollowersEmail": false,
            "UserPreferencesDisableLaterCommentEmail": false,
            "UserPreferencesDisableLikeEmail": false,
            "UserPreferencesDisableMentionsPostEmail": false,
            "UserPreferencesDisableMessageEmail": false,
            "UserPreferencesDisableProfilePostEmail": false,
            "UserPreferencesDisableSharePostEmail": false,
            "UserPreferencesDisableWorkEmail": false,
            "UserPreferencesEnableAutoSubForFeeds": false,
            "UserPreferencesEventRemindersCheckboxDefault": true,
            "UserPreferencesExcludeMailAppAttachments": false,
            "UserPreferencesFavoritesShowTopFavorites": false,
            "UserPreferencesFavoritesWTShown": false,
            "UserPreferencesGlobalNavBarWTShown": false,
            "UserPreferencesGlobalNavGridMenuWTShown": false,
            "UserPreferencesHasCelebrationBadge": false,
            "UserPreferencesHideBiggerPhotoCallout": false,
            "UserPreferencesHideCSNDesktopTask": false,
            "UserPreferencesHideCSNGetChatterMobileTask": false,
            "UserPreferencesHideChatterOnboardingSplash": false,
            "UserPreferencesHideEndUserOnboardingAssistantModal": false,
            "UserPreferencesHideLightningMigrationModal": false,
            "UserPreferencesHideS1BrowserUI": false,
            "UserPreferencesHideSecondChatterOnboardingSplash": false,
            "UserPreferencesHideSfxWelcomeMat": false,
            "UserPreferencesJigsawListUser": false,
            "UserPreferencesLightningExperiencePreferred": true,
            "UserPreferencesNewLightningReportRunPageEnabled": false,
            "UserPreferencesPathAssistantCollapsed": false,
            "UserPreferencesPreviewCustomTheme": false,
            "UserPreferencesReceiveNoNotificationsAsApprover": false,
            "UserPreferencesReceiveNotificationsAsDelegatedApprover": false,
            "UserPreferencesRecordHomeReservedWTShown": false,
            "UserPreferencesRecordHomeSectionCollapseWTShown": false,
            "UserPreferencesReminderSoundOff": false,
            "UserPreferencesSRHOverrideActivities": false,
            "UserPreferencesShowCityToExternalUsers": false,
            "UserPreferencesShowCityToGuestUsers": false,
            "UserPreferencesShowCountryToExternalUsers": false,
            "UserPreferencesShowCountryToGuestUsers": false,
            "UserPreferencesShowEmailToExternalUsers": false,
            "UserPreferencesShowEmailToGuestUsers": false,
            "UserPreferencesShowFaxToExternalUsers": false,
            "UserPreferencesShowFaxToGuestUsers": false,
            "UserPreferencesShowManagerToExternalUsers": false,
            "UserPreferencesShowManagerToGuestUsers": false,
            "UserPreferencesShowMobilePhoneToExternalUsers": false,
            "UserPreferencesShowMobilePhoneToGuestUsers": false,
            "UserPreferencesShowPostalCodeToExternalUsers": false,
            "UserPreferencesShowPostalCodeToGuestUsers": false,
            "UserPreferencesShowProfilePicToGuestUsers": false,
            "UserPreferencesShowStateToExternalUsers": false,
            "UserPreferencesShowStateToGuestUsers": false,
            "UserPreferencesShowStreetAddressToExternalUsers": false,
            "UserPreferencesShowStreetAddressToGuestUsers": false,
            "UserPreferencesShowTitleToExternalUsers": true,
            "UserPreferencesShowTitleToGuestUsers": false,
            "UserPreferencesShowWorkPhoneToExternalUsers": false,
            "UserPreferencesShowWorkPhoneToGuestUsers": false,
            "UserPreferencesSortFeedByComment": false,
            "UserPreferencesSuppressEventSFXReminders": false,
            "UserPreferencesSuppressTaskSFXReminders": false,
            "UserPreferencesTaskRemindersCheckboxDefault": true,
            "UserPreferencesUserDebugModePref": false,
            "UserRoleId": null,
            "UserType": "Standard",
            "Username": "chris.elias@jupiterone.com",
            "attributes": Object {
              "type": "User",
              "url": "/services/data/v50.0/sobjects/User/0055e000003CLIZAA4",
            },
          },
        },
      ],
      "_type": "salesforce_user",
      "createdOn": undefined,
      "displayName": "Chris Elias",
      "name": "Chris Elias",
      "shortLoginId": "chris.elias",
      "username": "chris.elias@jupiterone.com",
    },
  ],
  "collectedRelationships": Array [],
  "encounteredTypes": Array [
    "salesforce_user",
  ],
  "numCollectedEntities": 7,
  "numCollectedRelationships": 0,
}
`;
